{
  "go": [
    {
      "slug": "one",
      "state": "archived"
    },
    {
      "slug": "two",
      "state": "active"
    }
  ],
  "ruby": [
    {
      "slug": "one",
      "state": "active"
    },
    {
      "slug": "two",
      "state": "active"
    }
  ]
}
